/private/tmp/spl-toolkit-remaining-venv/bin/pip install -r python/requirements-dev.txt
Looking in links: /private/tmp/spl-toolkit-offline-wheelhouse
Ignoring colorama: markers 'platform_system == "Windows"' don't match your environment
Requirement already satisfied: pip==25.2 in /private/tmp/spl-toolkit-remaining-venv/lib/python3.12/site-packages (from -r /Users/jacobdelgado/repos/spl-toolkit/.worktrees/remaining-milestones/python/requirements-build.txt (line 1)) (25.2)
Requirement already satisfied: setuptools==80.9.0 in /private/tmp/spl-toolkit-remaining-venv/lib/python3.12/site-packages (from -r /Users/jacobdelgado/repos/spl-toolkit/.worktrees/remaining-milestones/python/requirements-build.txt (line 2)) (80.9.0)
Requirement already satisfied: wheel==0.45.1 in /private/tmp/spl-toolkit-remaining-venv/lib/python3.12/site-packages (from -r /Users/jacobdelgado/repos/spl-toolkit/.worktrees/remaining-milestones/python/requirements-build.txt (line 3)) (0.45.1)
Requirement already satisfied: build==1.3.0 in /private/tmp/spl-toolkit-remaining-venv/lib/python3.12/site-packages (from -r /Users/jacobdelgado/repos/spl-toolkit/.worktrees/remaining-milestones/python/requirements-build.txt (line 4)) (1.3.0)
Requirement already satisfied: packaging==25.0 in /private/tmp/spl-toolkit-remaining-venv/lib/python3.12/site-packages (from -r /Users/jacobdelgado/repos/spl-toolkit/.worktrees/remaining-milestones/python/requirements-build.txt (line 5)) (25.0)
Requirement already satisfied: pyproject-hooks==1.2.0 in /private/tmp/spl-toolkit-remaining-venv/lib/python3.12/site-packages (from -r /Users/jacobdelgado/repos/spl-toolkit/.worktrees/remaining-milestones/python/requirements-build.txt (line 6)) (1.2.0)
Requirement already satisfied: pytest==8.4.2 in /private/tmp/spl-toolkit-remaining-venv/lib/python3.12/site-packages (from -r python/requirements-dev.txt (line 2)) (8.4.2)
Requirement already satisfied: pytest-mock==3.15.1 in /private/tmp/spl-toolkit-remaining-venv/lib/python3.12/site-packages (from -r python/requirements-dev.txt (line 3)) (3.15.1)
Requirement already satisfied: iniconfig==2.1.0 in /private/tmp/spl-toolkit-remaining-venv/lib/python3.12/site-packages (from -r python/requirements-dev.txt (line 4)) (2.1.0)
Requirement already satisfied: pluggy==1.6.0 in /private/tmp/spl-toolkit-remaining-venv/lib/python3.12/site-packages (from -r python/requirements-dev.txt (line 5)) (1.6.0)
Requirement already satisfied: pygments==2.19.2 in /private/tmp/spl-toolkit-remaining-venv/lib/python3.12/site-packages (from -r python/requirements-dev.txt (line 6)) (2.19.2)
Requirement already satisfied: PyYAML==6.0.3 in /private/tmp/spl-toolkit-remaining-venv/lib/python3.12/site-packages (from -r python/requirements-dev.txt (line 7)) (6.0.3)
mkdir -p dist
rm -f dist/spl_toolkit-*.whl dist/spl_toolkit-*.tar.gz
MACOSX_DEPLOYMENT_TARGET=15.0 _PYTHON_HOST_PLATFORM=macosx-15.0-arm64 /private/tmp/spl-toolkit-remaining-venv/bin/python -m build --no-isolation --sdist --wheel --outdir dist python
* Getting build dependencies for sdist...
running egg_info
writing spl_toolkit.egg-info/PKG-INFO
writing dependency_links to spl_toolkit.egg-info/dependency_links.txt
writing top-level names to spl_toolkit.egg-info/top_level.txt
reading manifest file 'spl_toolkit.egg-info/SOURCES.txt'
reading manifest template 'MANIFEST.in'
adding license file 'LICENSE'
writing manifest file 'spl_toolkit.egg-info/SOURCES.txt'
* Building sdist...
running sdist
running egg_info
writing spl_toolkit.egg-info/PKG-INFO
writing dependency_links to spl_toolkit.egg-info/dependency_links.txt
writing top-level names to spl_toolkit.egg-info/top_level.txt
reading manifest file 'spl_toolkit.egg-info/SOURCES.txt'
reading manifest template 'MANIFEST.in'
adding license file 'LICENSE'
writing manifest file 'spl_toolkit.egg-info/SOURCES.txt'
running check
creating spl_toolkit-0.1.1
creating spl_toolkit-0.1.1/spl_toolkit
creating spl_toolkit-0.1.1/spl_toolkit.egg-info
creating spl_toolkit-0.1.1/tests
copying files to spl_toolkit-0.1.1...
copying LICENSE -> spl_toolkit-0.1.1
copying MANIFEST.in -> spl_toolkit-0.1.1
copying README.md -> spl_toolkit-0.1.1
copying build_support.py -> spl_toolkit-0.1.1
copying native-source-files.txt -> spl_toolkit-0.1.1
copying pyproject.toml -> spl_toolkit-0.1.1
copying requirements-build.txt -> spl_toolkit-0.1.1
copying requirements-dev.txt -> spl_toolkit-0.1.1
copying setup.py -> spl_toolkit-0.1.1
copying spl_toolkit/__init__.py -> spl_toolkit-0.1.1/spl_toolkit
copying spl_toolkit/exceptions.py -> spl_toolkit-0.1.1/spl_toolkit
copying spl_toolkit/libspl_toolkit.h -> spl_toolkit-0.1.1/spl_toolkit
copying spl_toolkit/mapper.py -> spl_toolkit-0.1.1/spl_toolkit
copying spl_toolkit.egg-info/PKG-INFO -> spl_toolkit-0.1.1/spl_toolkit.egg-info
copying spl_toolkit.egg-info/SOURCES.txt -> spl_toolkit-0.1.1/spl_toolkit.egg-info
copying spl_toolkit.egg-info/dependency_links.txt -> spl_toolkit-0.1.1/spl_toolkit.egg-info
copying spl_toolkit.egg-info/top_level.txt -> spl_toolkit-0.1.1/spl_toolkit.egg-info
copying tests/test_mapper.py -> spl_toolkit-0.1.1/tests
copying tests/test_native_abi.py -> spl_toolkit-0.1.1/tests
copying tests/test_native_analysis.py -> spl_toolkit-0.1.1/tests
copying tests/test_native_mapper.py -> spl_toolkit-0.1.1/tests
copying tests/test_native_schema_validation.py -> spl_toolkit-0.1.1/tests
copying tests/test_native_validation.py -> spl_toolkit-0.1.1/tests
copying spl_toolkit.egg-info/SOURCES.txt -> spl_toolkit-0.1.1/spl_toolkit.egg-info
Writing spl_toolkit-0.1.1/setup.cfg
Creating tar archive
removing 'spl_toolkit-0.1.1' (and everything under it)
* Getting build dependencies for wheel...
running egg_info
writing spl_toolkit.egg-info/PKG-INFO
writing dependency_links to spl_toolkit.egg-info/dependency_links.txt
writing top-level names to spl_toolkit.egg-info/top_level.txt
reading manifest file 'spl_toolkit.egg-info/SOURCES.txt'
reading manifest template 'MANIFEST.in'
adding license file 'LICENSE'
writing manifest file 'spl_toolkit.egg-info/SOURCES.txt'
* Building wheel...
running bdist_wheel
running build
running build_py
copying spl_toolkit/mapper.py -> build/lib.macosx-15.0-arm64-cpython-312/spl_toolkit
copying spl_toolkit/__init__.py -> build/lib.macosx-15.0-arm64-cpython-312/spl_toolkit
copying spl_toolkit/exceptions.py -> build/lib.macosx-15.0-arm64-cpython-312/spl_toolkit
running egg_info
writing spl_toolkit.egg-info/PKG-INFO
writing dependency_links to spl_toolkit.egg-info/dependency_links.txt
writing top-level names to spl_toolkit.egg-info/top_level.txt
reading manifest file 'spl_toolkit.egg-info/SOURCES.txt'
reading manifest template 'MANIFEST.in'
adding license file 'LICENSE'
writing manifest file 'spl_toolkit.egg-info/SOURCES.txt'
copying spl_toolkit/libspl_toolkit.h -> build/lib.macosx-15.0-arm64-cpython-312/spl_toolkit
running build_ext
installing to build/bdist.macosx-15.0-arm64/wheel
running install
running install_lib
creating build/bdist.macosx-15.0-arm64/wheel
creating build/bdist.macosx-15.0-arm64/wheel/spl_toolkit
copying build/lib.macosx-15.0-arm64-cpython-312/spl_toolkit/libspl_toolkit.h -> build/bdist.macosx-15.0-arm64/wheel/./spl_toolkit
copying build/lib.macosx-15.0-arm64-cpython-312/spl_toolkit/mapper.py -> build/bdist.macosx-15.0-arm64/wheel/./spl_toolkit
copying build/lib.macosx-15.0-arm64-cpython-312/spl_toolkit/PARSER-LICENSE -> build/bdist.macosx-15.0-arm64/wheel/./spl_toolkit
copying build/lib.macosx-15.0-arm64-cpython-312/spl_toolkit/__init__.py -> build/bdist.macosx-15.0-arm64/wheel/./spl_toolkit
copying build/lib.macosx-15.0-arm64-cpython-312/spl_toolkit/libspl_toolkit.dylib -> build/bdist.macosx-15.0-arm64/wheel/./spl_toolkit
copying build/lib.macosx-15.0-arm64-cpython-312/spl_toolkit/exceptions.py -> build/bdist.macosx-15.0-arm64/wheel/./spl_toolkit
creating build/bdist.macosx-15.0-arm64/wheel/spl_toolkit/.go-tmp
running install_egg_info
Copying spl_toolkit.egg-info to build/bdist.macosx-15.0-arm64/wheel/./spl_toolkit-0.1.1-py3.12.egg-info
running install_scripts
creating build/bdist.macosx-15.0-arm64/wheel/spl_toolkit-0.1.1.dist-info/WHEEL
creating '/Users/jacobdelgado/repos/spl-toolkit/.worktrees/remaining-milestones/dist/.tmp-8izt2r8v/spl_toolkit-0.1.1-py3-none-macosx_15_0_arm64.whl' and adding 'build/bdist.macosx-15.0-arm64/wheel' to it
adding 'spl_toolkit/PARSER-LICENSE'
adding 'spl_toolkit/__init__.py'
adding 'spl_toolkit/exceptions.py'
adding 'spl_toolkit/libspl_toolkit.dylib'
adding 'spl_toolkit/libspl_toolkit.h'
adding 'spl_toolkit/mapper.py'
adding 'spl_toolkit-0.1.1.dist-info/licenses/LICENSE'
adding 'spl_toolkit-0.1.1.dist-info/METADATA'
adding 'spl_toolkit-0.1.1.dist-info/WHEEL'
adding 'spl_toolkit-0.1.1.dist-info/top_level.txt'
adding 'spl_toolkit-0.1.1.dist-info/RECORD'
removing build/bdist.macosx-15.0-arm64/wheel
Successfully built spl_toolkit-0.1.1.tar.gz and spl_toolkit-0.1.1-py3-none-macosx_15_0_arm64.whl
